#-----------------------------------------------------------
# Vivado v2015.2 (64-bit)
# SW Build 1266856 on Fri Jun 26 16:35:25 MDT 2015
# IP Build 1264090 on Wed Jun 24 14:22:01 MDT 2015
# Start of session at: Wed Jan 29 14:04:35 2020
# Process ID: 1316
# Log file: H:/FRACTALE/marche/Fractal_29-01-2020/vivado.log
# Journal file: H:/FRACTALE/marche/Fractal_29-01-2020\vivado.jou
#-----------------------------------------------------------
start_gui
open_project H:/FRACTALE/marche/Fractal_29-01-2020/mandelbrot_nouveau.xpr
update_compile_order -fileset sources_1
save_project_as marche C:/Users/floupias001/Desktop/marche -force
open_hw
connect_hw_server
disconnect_hw_server localhost
connect_hw_server -url localhost:3121
current_hw_target [get_hw_targets */xilinx_tcf/Digilent/210292ABF785A]
set_property PARAM.FREQUENCY 15000000 [get_hw_targets */xilinx_tcf/Digilent/210292ABF785A]
open_hw_target
current_hw_device [lindex [get_hw_devices] 0]
refresh_hw_device -update_hw_probes false [lindex [get_hw_devices] 0]
synth_design -rtl -name rtl_1
synth_design -rtl -name rtl_1
synth_design -rtl -name rtl_1
synth_design -rtl -name rtl_1
synth_design -rtl -name rtl_1
synth_design -rtl -name rtl_1
synth_design -rtl -name rtl_1
synth_design -rtl -name rtl_1
synth_design -rtl -name rtl_1
reset_run synth_1
launch_runs impl_1 -to_step write_bitstream
wait_on_run impl_1
set_property PROBES.FILE {} [lindex [get_hw_devices] 0]
set_property PROGRAM.FILE {C:/Users/floupias001/Desktop/marche/marche.runs/impl_1/top_Mandelbrot.bit} [lindex [get_hw_devices] 0]
program_hw_devices [lindex [get_hw_devices] 0]
refresh_hw_device [lindex [get_hw_devices] 0]
reset_run synth_1
launch_runs impl_1 -to_step write_bitstream
wait_on_run impl_1
reset_run synth_1
launch_runs impl_1 -to_step write_bitstream
wait_on_run impl_1
set_property PROBES.FILE {} [lindex [get_hw_devices] 0]
set_property PROGRAM.FILE {C:/Users/floupias001/Desktop/marche/marche.runs/impl_1/top_Mandelbrot.bit} [lindex [get_hw_devices] 0]
program_hw_devices [lindex [get_hw_devices] 0]
refresh_hw_device [lindex [get_hw_devices] 0]
reset_run synth_1
launch_runs impl_1 -to_step write_bitstream
wait_on_run impl_1
set_property PROBES.FILE {} [lindex [get_hw_devices] 0]
set_property PROGRAM.FILE {C:/Users/floupias001/Desktop/marche/marche.runs/impl_1/top_Mandelbrot.bit} [lindex [get_hw_devices] 0]
program_hw_devices [lindex [get_hw_devices] 0]
refresh_hw_device [lindex [get_hw_devices] 0]
reset_run synth_1
launch_runs synth_1
wait_on_run synth_1
open_run synth_1 -name synth_1
reset_run synth_1
launch_runs synth_1
wait_on_run synth_1
reset_run synth_1
launch_runs synth_1
wait_on_run synth_1
reset_run synth_1
launch_runs synth_1
wait_on_run synth_1
reset_run synth_1
launch_runs synth_1
wait_on_run synth_1
reset_run synth_1
launch_runs synth_1
wait_on_run synth_1
launch_runs impl_1
wait_on_run impl_1
refresh_design
reset_run synth_1
launch_runs synth_1
wait_on_run synth_1
launch_runs impl_1
wait_on_run impl_1
refresh_design
launch_runs impl_1 -to_step write_bitstream
wait_on_run impl_1
set_property PROBES.FILE {} [lindex [get_hw_devices] 0]
set_property PROGRAM.FILE {C:/Users/floupias001/Desktop/marche/marche.runs/impl_1/top_Mandelbrot.bit} [lindex [get_hw_devices] 0]
program_hw_devices [lindex [get_hw_devices] 0]
refresh_hw_device [lindex [get_hw_devices] 0]
launch_simulation
open_wave_config H:/FRACTALE/marche/Fractal_29-01-2020/top_Mandelbrot_tb_behav.wcfg
source top_Mandelbrot_tb.tcl
current_design rtl_1
refresh_design
refresh_design
refresh_design
close_sim
launch_simulation
open_wave_config H:/FRACTALE/marche/Fractal_29-01-2020/top_Mandelbrot_tb_behav.wcfg
source top_Mandelbrot_tb.tcl
refresh_design
save_wave_config {H:/FRACTALE/marche/Fractal_29-01-2020/top_Mandelbrot_tb_behav.wcfg}
close_sim
launch_simulation
open_wave_config H:/FRACTALE/marche/Fractal_29-01-2020/top_Mandelbrot_tb_behav.wcfg
source top_Mandelbrot_tb.tcl
refresh_design
close_sim
launch_simulation
open_wave_config H:/FRACTALE/marche/Fractal_29-01-2020/top_Mandelbrot_tb_behav.wcfg
source top_Mandelbrot_tb.tcl
refresh_design
close_sim
launch_simulation
open_wave_config H:/FRACTALE/marche/Fractal_29-01-2020/top_Mandelbrot_tb_behav.wcfg
source top_Mandelbrot_tb.tcl
restart
run 10 us
refresh_design
save_wave_config {H:/FRACTALE/marche/Fractal_29-01-2020/top_Mandelbrot_tb_behav.wcfg}
close_sim
launch_simulation
open_wave_config H:/FRACTALE/marche/Fractal_29-01-2020/top_Mandelbrot_tb_behav.wcfg
source top_Mandelbrot_tb.tcl
restart
run 10 us
restart
run 10 us
refresh_design
save_wave_config {H:/FRACTALE/marche/Fractal_29-01-2020/top_Mandelbrot_tb_behav.wcfg}
close_sim
launch_simulation
open_wave_config H:/FRACTALE/marche/Fractal_29-01-2020/top_Mandelbrot_tb_behav.wcfg
source top_Mandelbrot_tb.tcl
restart
run 10 us
restart
run 10 us
refresh_design
save_wave_config {H:/FRACTALE/marche/Fractal_29-01-2020/top_Mandelbrot_tb_behav.wcfg}
close_sim
launch_simulation
open_wave_config H:/FRACTALE/marche/Fractal_29-01-2020/top_Mandelbrot_tb_behav.wcfg
source top_Mandelbrot_tb.tcl
restart
run 10 us
reset_run synth_1
launch_runs impl_1 -to_step write_bitstream
wait_on_run impl_1
set_property PROBES.FILE {} [lindex [get_hw_devices] 0]
set_property PROGRAM.FILE {C:/Users/floupias001/Desktop/marche/marche.runs/impl_1/top_Mandelbrot.bit} [lindex [get_hw_devices] 0]
program_hw_devices [lindex [get_hw_devices] 0]
refresh_hw_device [lindex [get_hw_devices] 0]
refresh_design
save_wave_config {H:/FRACTALE/marche/Fractal_29-01-2020/top_Mandelbrot_tb_behav.wcfg}
close_sim
launch_simulation
open_wave_config H:/FRACTALE/marche/Fractal_29-01-2020/top_Mandelbrot_tb_behav.wcfg
source top_Mandelbrot_tb.tcl
add_bp {C:/Users/floupias001/Desktop/marche/marche.srcs/sources_1/new/iteration.vhd} 126
remove_bps -file {C:/Users/floupias001/Desktop/marche/marche.srcs/sources_1/new/iteration.vhd} -line 126
refresh_design
refresh_design
refresh_design
refresh_design
refresh_design
refresh_design
refresh_design
refresh_design
refresh_design
refresh_design
close_sim
launch_simulation
open_wave_config H:/FRACTALE/marche/Fractal_29-01-2020/top_Mandelbrot_tb_behav.wcfg
source top_Mandelbrot_tb.tcl
reset_run synth_1
launch_runs impl_1 -to_step write_bitstream
wait_on_run impl_1
set_property PROBES.FILE {} [lindex [get_hw_devices] 0]
set_property PROGRAM.FILE {C:/Users/floupias001/Desktop/marche/marche.runs/impl_1/top_Mandelbrot.bit} [lindex [get_hw_devices] 0]
program_hw_devices [lindex [get_hw_devices] 0]
refresh_hw_device [lindex [get_hw_devices] 0]
reset_run synth_1
launch_runs impl_1 -to_step write_bitstream
wait_on_run impl_1
set_property PROBES.FILE {} [lindex [get_hw_devices] 0]
set_property PROGRAM.FILE {C:/Users/floupias001/Desktop/marche/marche.runs/impl_1/top_Mandelbrot.bit} [lindex [get_hw_devices] 0]
program_hw_devices [lindex [get_hw_devices] 0]
refresh_hw_device [lindex [get_hw_devices] 0]
close_sim
launch_simulation
open_wave_config H:/FRACTALE/marche/Fractal_29-01-2020/top_Mandelbrot_tb_behav.wcfg
source top_Mandelbrot_tb.tcl
run 10 us
run 10 us
run 10 us
set_property PROBES.FILE {} [lindex [get_hw_devices] 0]
set_property PROGRAM.FILE {C:/Users/floupias001/Desktop/marche/marche.runs/impl_1/top_Mandelbrot.bit} [lindex [get_hw_devices] 0]
program_hw_devices [lindex [get_hw_devices] 0]
refresh_hw_device [lindex [get_hw_devices] 0]
run 10 us
run 10 us
run 10 us
run 10 us
run 10 us
run 10 us
run 10 us
run 10 us
run 10 us
run 10 us
run 10 us
run 10 us
run 10 us
run 10 us
run 10 us
run 10 us
run 10 us
run 10 us
run 10 us
run 10 us
run 10 us
run 10 us
run 10 us
run 10 us
run 10 us
run 10 us
restart
run 10 us
run 10 us
run 10 us
run 10 us
run 10 us
run 10 us
run 10 us
run 10 us
run 10 us
run 10 us
run 10 us
run 10 us
run 10 us
run 10 us
run 10 us
run 10 us
run 10 us
run 10 us
run 10 us
run 10 us
run 10 us
run 10 us
run 10 us
run 10 us
run 10 us
reset_run synth_1
launch_runs impl_1 -to_step write_bitstream
wait_on_run impl_1
set_property PROBES.FILE {} [lindex [get_hw_devices] 0]
set_property PROGRAM.FILE {C:/Users/floupias001/Desktop/marche/marche.runs/impl_1/top_Mandelbrot.bit} [lindex [get_hw_devices] 0]
program_hw_devices [lindex [get_hw_devices] 0]
refresh_hw_device [lindex [get_hw_devices] 0]
restart
run 10 us
refresh_design
save_wave_config {H:/FRACTALE/marche/Fractal_29-01-2020/top_Mandelbrot_tb_behav.wcfg}
close_sim
launch_simulation
open_wave_config H:/FRACTALE/marche/Fractal_29-01-2020/top_Mandelbrot_tb_behav.wcfg
source top_Mandelbrot_tb.tcl
close_sim
