#-----------------------------------------------------------
# Vivado v2018.2 (64-bit)
# SW Build 2258646 on Thu Jun 14 20:03:12 MDT 2018
# IP Build 2256618 on Thu Jun 14 22:10:49 MDT 2018
# Start of session at: Fri Jan 17 10:50:34 2020
# Process ID: 13480
# Current directory: P:/mandelbrot_nouveau
# Command line: vivado.exe -gui_launcher_event rodinguilauncherevent7684 P:\mandelbrot_nouveau\mandelbrot_nouveau.xpr
# Log file: P:/mandelbrot_nouveau/vivado.log
# Journal file: P:/mandelbrot_nouveau\vivado.jou
#-----------------------------------------------------------
start_gui
open_project P:/mandelbrot_nouveau/mandelbrot_nouveau.xpr
update_compile_order -fileset sources_1
open_hw
connect_hw_server
open_hw_target
set_property PROGRAM.FILE {P:/mandelbrot_nouveau/mandelbrot_nouveau.runs/impl_1/top_Mandelbrot.bit} [get_hw_devices xc7a100t_0]
current_hw_device [get_hw_devices xc7a100t_0]
refresh_hw_device -update_hw_probes false [lindex [get_hw_devices xc7a100t_0] 0]
set_property PROBES.FILE {} [get_hw_devices xc7a100t_0]
set_property FULL_PROBES.FILE {} [get_hw_devices xc7a100t_0]
set_property PROGRAM.FILE {P:/mandelbrot_nouveau/mandelbrot_nouveau.runs/impl_1/top_Mandelbrot.bit} [get_hw_devices xc7a100t_0]
program_hw_devices [get_hw_devices xc7a100t_0]
refresh_hw_device [lindex [get_hw_devices xc7a100t_0] 0]
update_compile_order -fileset sources_1
launch_simulation
export_ip_user_files -of_objects  [get_files P:/mandelbrot_nouveau/mandelbrot_nouveau.srcs/sources_1/new/couleur.vhd] -no_script -reset -force -quiet
remove_files  P:/mandelbrot_nouveau/mandelbrot_nouveau.srcs/sources_1/new/couleur.vhd
remove_files  P:/mandelbrot_nouveau/mandelbrot_nouveau.srcs/sources_1/new/couleur.vhd
launch_simulation
synth_design -rtl -name rtl_1
synth_design -rtl -name rtl_1
synth_design -rtl -name rtl_1
launch_simulation
launch_simulation
open_wave_config P:/mandelbrot_nouveau/top_Mandelbrot_tb_behav.wcfg
source top_Mandelbrot_tb.tcl
restart
run 10000 us
run 10000 us
save_wave_config {P:/mandelbrot_nouveau/top_Mandelbrot_tb_behav.wcfg}
